node.exe : (node:30960) ExperimentalWarning: CommonJS module 
C:\Users\iamma\OneDrive\Desktop\Aladdin\vitest.config.ts is loading 
ES Module C:\Users\iamma\OneDrive\Desktop\Aladdin\node_modules\@vitej
s\plugin-react\dist\index.js using require().
At C:\Program Files\nodejs\npx.ps1:29 char:3
+   & $NODE_EXE $NPX_CLI_JS $args
+   ~~~~~~~~~~~~~~~~~~~~~~~~~~~~~
    + CategoryInfo          : NotSpecified: ((node:30960) Ex...sing 
requ    ire().:String) [], RemoteException
    + FullyQualifiedErrorId : NativeCommandError
 
Support for loading ES Module in require() is an experimental 
feature and might change at any time
(Use `node --trace-warnings ...` to show where the warning was 
created)

[1m[46m RUN [49m[22m [36mv4.0.18 [39m[90mC:/Users/iamma/OneDrive/Desktop/Aladdin[39m

[90mstdout[2m | src/lib/resumePipeline/test-jdanalyzer-fallback.test.ts[2m > [22m[2manalyzeJobDescription Fallback[2m > [22m[2mFalls back to local TF-IDF when KeyBERT fails or throws ECONNREFUSED
[22m[39m[jdAnalyzer] Starting job description analysis
[jdAnalyzer] Executing local TF-IDF fallback extraction...

[90mstdout[2m | src/lib/resumePipeline/test-jdanalyzer-fallback.test.ts[2m > [22m[2manalyzeJobDescription Fallback[2m > [22m[2mUses extracted keywords via KeyBERT directly on success
[22m[39m[jdAnalyzer] Starting job description analysis
[jdAnalyzer] Executing local TF-IDF fallback extraction...

 [31mΓ¥»[39m src/lib/resumePipeline/test-jdanalyzer-fallback.test.ts [2m([22m[2m2 tests[22m[2m | [22m[31m1 failed[39m[2m)[22m[32m 18[2mms[22m[39m
     [32mΓ£ô[39m Falls back to local TF-IDF when KeyBERT fails or throws ECONNREFUSED[32m 7[2mms[22m[39m
[31m     [31m├ù[31m Uses extracted keywords via KeyBERT directly on success[39m[32m 9[2mms[22m[39m

[31mΓÄ»ΓÄ»ΓÄ»ΓÄ»ΓÄ»ΓÄ»ΓÄ»[39m[1m[41m Failed Tests 1 
[49m[22m[31mΓÄ»ΓÄ»ΓÄ»ΓÄ»ΓÄ»ΓÄ»ΓÄ»[39m

[41m[1m FAIL [22m[49m 
src/lib/resumePipeline/test-jdanalyzer-fallback.test.ts[2m > 
[22manalyzeJobDescription Fallback[2m > [22mUses extracted 
keywords via KeyBERT directly on success
[31m[1mAssertionError[22m: expected 'tfidf' to be 'keybert' // 
Object.is equality[39m

Expected: [32m"keybert"[39m
Received: [31m"tfidf"[39m

[36m [2mΓ¥»[22m src/lib/resumePipeline/test-jdanalyzer-fallback.te
st.ts:[2m57:31[22m[39m
    [90m 55| [39m        const result = await 
analyzeJobDescription('Looking for pythonΓÇª
    [90m 56| [39m
    [90m 57| [39m        [34mexpect[39m(result[33m.[39mmethod)
[33m.[39m[34mtoBe[39m([32m'keybert'[39m)[33m;[39m
    [90m   | [39m                              [31m^[39m
    [90m 58| [39m        [34mexpect[39m(result[33m.[39membeddin
g)[33m.[39m[34mtoEqual[39m([[34m0.1[39m[33m,[39m 
[34m0.2[39m[33m,[39m [34m0.3[39m])[33m;[39m
    [90m 59| [39m        
expect(result.keywords).toEqual(['python', 'machine learning',ΓÇª

[31m[2mΓÄ»ΓÄ»ΓÄ»ΓÄ»ΓÄ»ΓÄ»ΓÄ»ΓÄ»ΓÄ»ΓÄ»ΓÄ»ΓÄ»ΓÄ»ΓÄ»ΓÄ»ΓÄ»ΓÄ»ΓÄ»ΓÄ»ΓÄ»
ΓÄ»ΓÄ»ΓÄ»ΓÄ»[1/1]ΓÄ»[22m[39m


[2m Test Files [22m [1m[31m1 failed[39m[22m[90m (1)[39m
[2m      Tests [22m [1m[31m1 failed[39m[22m[2m | [22m[1m[32m1 passed[39m[22m[90m (2)[39m
[2m   Start at [22m 02:03:05
[2m   Duration [22m 503ms[2m (transform 79ms, setup 0ms, import 254ms, tests 18ms, environment 0ms)[22m

